Building Eco-Fi v2.2.1 from /mnt/d/PROJECTS_IO/Plastic-Bottle-Vending-Machine/resources/EcoFi_Opi_v2.1.img
Output: /mnt/d/PROJECTS_IO/Plastic-Bottle-Vending-Machine/resources/EcoFi_Opi_v2.2.1.img
[3/6] Purging legacy PisoFi services and phone-home daemons...
[4/6] Configuring Nginx reverse proxy for Eco-Fi...
[4/6.5] Enforcing eth0 as WAN (DHCP) and eth1 as LAN (10.0.0.1/19) with authoritative dnsmasq DHCP...
[4/6.2] Setting timezone to Asia/Manila (PHT, UTC+8) and configuring NTP...
[5/6] Injecting offline Python 3.5 dependencies into rootfs...
Injecting ipset & libipset3 packages into rootfs...
[5/6.5] Injecting Eco-Fi software stack into /opt/ecofi...
[6/6] Installing Eco-Fi systemd service units...
ARM Python runtime imports passed
PASS: ARM Python runtime, Flask pages/auth, vouchers, pause, network acknowledgement, duplicate receipts, finalization, diagnostics and backup
dnsmasq: syntax check OK.
Syncing filesystem buffers...
e2fsck 1.47.0 (5-Feb-2023)
Pass 1: Checking inodes, blocks, and sizes
Pass 2: Checking directory structure
Pass 3: Checking directory connectivity
Pass 4: Checking reference counts
Pass 5: Checking group summary information
/dev/loop0: 46317/179712 files (0.2% non-contiguous), 402370/770954 blocks
======================================================================
 SUCCESS: Cleaned, Hardened Eco-Fi OS Image Ready at:
 /mnt/d/PROJECTS_IO/Plastic-Bottle-Vending-Machine/resources/EcoFi_Opi_v2.2.1.img
 All legacy PisoFi services purged. Pure Eco-Fi stack running!
======================================================================
